../Core/Src/main.c:81:5:main	8	static
../Core/Src/main.c:138:6:SystemClock_Config	128	static
../Core/Src/main.c:192:13:SystemPower_Config	8	static
../Core/Src/main.c:212:13:MX_FDCAN1_Init	40	static
../Core/Src/main.c:284:13:MX_I2C2_Init	8	static
../Core/Src/main.c:332:13:MX_I2C3_Init	8	static
../Core/Src/main.c:380:13:MX_ICACHE_Init	8	static
../Core/Src/main.c:412:13:MX_TIM1_Init	40	static
../Core/Src/main.c:462:13:MX_USART1_UART_Init	8	static
../Core/Src/main.c:510:13:MX_GPIO_Init	64	static
../Core/Src/main.c:790:6:Error_Handler	4	static,ignoring_inline_asm
