../Core/Src/main.c:92:5:main	1
../Core/Src/main.c:158:6:SystemClock_Config	4
../Core/Src/main.c:212:13:SystemPower_Config	2
../Core/Src/main.c:232:13:MX_FDCAN1_Init	4
../Core/Src/main.c:304:13:MX_I2C2_Init	4
../Core/Src/main.c:352:13:MX_I2C3_Init	4
../Core/Src/main.c:400:13:MX_ICACHE_Init	3
../Core/Src/main.c:432:13:MX_SPI2_Init	3
../Core/Src/main.c:489:13:MX_TIM1_Init	4
../Core/Src/main.c:539:13:MX_TIM3_Init	6
../Core/Src/main.c:598:13:MX_TIM4_Init	6
../Core/Src/main.c:657:13:MX_TIM8_Init	7
../Core/Src/main.c:739:13:MX_TIM16_Init	5
../Core/Src/main.c:802:13:MX_USART1_UART_Init	5
../Core/Src/main.c:850:13:MX_GPIO_Init	1
../Core/Src/main.c:1148:6:Error_Handler	1
